// Jest Snapshot v1, https://goo.gl/fbAQLP

exports[`renders correctly 1`] = `
<View
  style={
    Object {
      "alignItems": "center",
      "flex": 1,
      "justifyContent": "center",
    }
  }
>
  <View
    style={
      Object {
        "borderColor": "black",
        "borderWidth": 2,
        "flex": 0.1,
        "width": 75,
      }
    }
  />
  <View
    style={
      Object {
        "flexDirection": "row",
      }
    }
  >
    <Text
      accessible={true}
      allowFontScaling={true}
      ellipsizeMode="tail"
      style={
        Object {
          "color": "#3f2663",
          "fontSize": 18,
        }
      }
    >
      Design
       
    </Text>
    <Text
      accessible={true}
      allowFontScaling={true}
      ellipsizeMode="tail"
      style={
        Object {
          "color": "#00a85e",
          "fontSize": 18,
        }
      }
    >
      Create
       
    </Text>
    <Text
      accessible={true}
      allowFontScaling={true}
      ellipsizeMode="tail"
      style={
        Object {
          "color": "#5c5a5f",
          "fontSize": 18,
        }
      }
    >
      Innovate
    </Text>
  </View>
  <View
    style={
      Object {
        "alignItems": "center",
        "flex": 0.1,
        "justifyContent": "center",
        "width": 250,
      }
    }
  >
    <Text
      accessible={true}
      allowFontScaling={true}
      ellipsizeMode="tail"
    >
      An insititute of National Importance specialized in IT Enabled Design and Manufacturing
    </Text>
  </View>
</View>
`;
